main.c:104:6:setTimer2	16	static
main.c:109:6:timer_run	4	static
main.c:116:15:convertToBit	160	static
main.c:142:6:updateLEDMatrix	16	static
main.c:228:6:updateMatrix	16	static
main.c:267:6:updateLEDMatrix2	16	static
main.c:356:6:displayLEDMatrix	16	static
main.c:372:5:main	8	static
main.c:438:6:SystemClock_Config	72	static
main.c:474:13:MX_TIM2_Init	32	static
main.c:519:13:MX_GPIO_Init	32	static
main.c:569:6:HAL_TIM_PeriodElapsedCallback	16	static
main.c:578:6:Error_Handler	4	static,ignoring_inline_asm
